{
  "classViolations": [],
  "parameterViolations": [
    {
      "constraintType": "PARAMETER",
      "message": "must not be blank",
      "path": "create.request.name",
      "value": ""
    }
  ],
  "propertyViolations": [],
  "returnValueViolations": []
}