{
  "classViolations": [],
  "parameterViolations": [
    {
      "constraintType": "PARAMETER",
      "message": "must only contains alphabetic characters and phrase punctuation",
      "path": "create.restaurant.name",
      "value": "New Flavor123"
    }
  ],
  "propertyViolations": [],
  "returnValueViolations": []
}