[
  {
    "id": 21,
    "location": {
      "latitude": "33°0\u0027 0.0\"N",
      "longitude": "33°0\u0027 0.0\"E"
    },
    "name": "New Flavor",
    "owner": "Manuel"
  }
]